// Vitest Snapshot v1, https://vitest.dev/guide/snapshot.html

exports[`mount component 1`] = `
"<div class=\\"question\\" data-v-38b2495b=\\"\\"><span class=\\"content\\" data-v-38b2495b=\\"\\">test</span>
  <tooltip-stub text=\\"Copy to clipboard\\" data-v-38b2495b=\\"\\"></tooltip-stub>
</div>"
`;
